ERROR: 2023/02/22 16:19:31 listing11.go:37: Something has failed
ERROR: 2023/02/22 16:21:10 listing11.go:42: Something has failed
ERROR: 2023/02/22 16:21:58 listing11.go:42: Something has failed
ERROR: 2023/02/22 16:23:20 listing11.go:42: Something has failed
ERROR: 2023/02/22 16:23:26 listing11.go:42: Something has failed
ERROR: 2023/02/22 16:24:57 listing11.go:42: Something has failed
ERROR: 2023/02/22 16:25:08 listing11.go:42: Something has failed
